// Jest Snapshot v1, https://goo.gl/fbAQLP

exports[`<AutostartForm /> should render component 1`] = `
<div>
  <h3>
    Autostart
  </h3>
  <div
    class="form-group"
  >
    <div
      class="custom-control custom-checkbox "
    >
      <input
        checked=""
        class="custom-control-input"
        id="1"
        type="checkbox"
      />
      <label
        class="custom-control-label"
        for="1"
      >
        Enabled
      </label>
    </div>
  </div>
  <h4>
    Select autostart hours
  </h4>
  <div
    class="btn-group"
  >
    <button
      class="btn btn-sm btn-outline-info "
      type="button"
    >
       
       
      Select all
    </button>
    <button
      class="btn btn-sm btn-outline-info"
      type="button"
    >
       
       
      Unselect all
    </button>
  </div>
  <div
    class="btn-group-toggle hour-buttons"
    data-toggle="buttons"
  >
    <label
      class="btn btn-outline-light active "
      for="2"
    >
      12:00 AM
      <input
        autocomplete="off"
        id="2"
        type="checkbox"
      />
    </label>
    <label
      class="btn btn-outline-light active "
      for="3"
    >
      1:00 AM
      <input
        autocomplete="off"
        id="3"
        type="checkbox"
      />
    </label>
    <label
      class="btn btn-outline-light active "
      for="4"
    >
      2:00 AM
      <input
        autocomplete="off"
        id="4"
        type="checkbox"
      />
    </label>
    <label
      class="btn btn-outline-light active "
      for="5"
    >
      3:00 AM
      <input
        autocomplete="off"
        id="5"
        type="checkbox"
      />
    </label>
    <label
      class="btn btn-outline-light active "
      for="6"
    >
      4:00 AM
      <input
        autocomplete="off"
        id="6"
        type="checkbox"
      />
    </label>
    <label
      class="btn btn-outline-light "
      for="7"
    >
      5:00 AM
      <input
        autocomplete="off"
        id="7"
        type="checkbox"
      />
    </label>
    <label
      class="btn btn-outline-light "
      for="8"
    >
      6:00 AM
      <input
        autocomplete="off"
        id="8"
        type="checkbox"
      />
    </label>
    <label
      class="btn btn-outline-light "
      for="9"
    >
      7:00 AM
      <input
        autocomplete="off"
        id="9"
        type="checkbox"
      />
    </label>
    <label
      class="btn btn-outline-light "
      for="10"
    >
      8:00 AM
      <input
        autocomplete="off"
        id="10"
        type="checkbox"
      />
    </label>
    <label
      class="btn btn-outline-light "
      for="11"
    >
      9:00 AM
      <input
        autocomplete="off"
        id="11"
        type="checkbox"
      />
    </label>
    <label
      class="btn btn-outline-light "
      for="12"
    >
      10:00 AM
      <input
        autocomplete="off"
        id="12"
        type="checkbox"
      />
    </label>
    <label
      class="btn btn-outline-light "
      for="13"
    >
      11:00 AM
      <input
        autocomplete="off"
        id="13"
        type="checkbox"
      />
    </label>
    <label
      class="btn btn-outline-light "
      for="14"
    >
      12:00 PM
      <input
        autocomplete="off"
        id="14"
        type="checkbox"
      />
    </label>
    <label
      class="btn btn-outline-light "
      for="15"
    >
      1:00 PM
      <input
        autocomplete="off"
        id="15"
        type="checkbox"
      />
    </label>
    <label
      class="btn btn-outline-light "
      for="16"
    >
      2:00 PM
      <input
        autocomplete="off"
        id="16"
        type="checkbox"
      />
    </label>
    <label
      class="btn btn-outline-light "
      for="17"
    >
      3:00 PM
      <input
        autocomplete="off"
        id="17"
        type="checkbox"
      />
    </label>
    <label
      class="btn btn-outline-light "
      for="18"
    >
      4:00 PM
      <input
        autocomplete="off"
        id="18"
        type="checkbox"
      />
    </label>
    <label
      class="btn btn-outline-light "
      for="19"
    >
      5:00 PM
      <input
        autocomplete="off"
        id="19"
        type="checkbox"
      />
    </label>
    <label
      class="btn btn-outline-light "
      for="20"
    >
      6:00 PM
      <input
        autocomplete="off"
        id="20"
        type="checkbox"
      />
    </label>
    <label
      class="btn btn-outline-light "
      for="21"
    >
      7:00 PM
      <input
        autocomplete="off"
        id="21"
        type="checkbox"
      />
    </label>
    <label
      class="btn btn-outline-light "
      for="22"
    >
      8:00 PM
      <input
        autocomplete="off"
        id="22"
        type="checkbox"
      />
    </label>
    <label
      class="btn btn-outline-light "
      for="23"
    >
      9:00 PM
      <input
        autocomplete="off"
        id="23"
        type="checkbox"
      />
    </label>
    <label
      class="btn btn-outline-light "
      for="24"
    >
      10:00 PM
      <input
        autocomplete="off"
        id="24"
        type="checkbox"
      />
    </label>
    <label
      class="btn btn-outline-light "
      for="25"
    >
      11:00 PM
      <input
        autocomplete="off"
        id="25"
        type="checkbox"
      />
    </label>
  </div>
</div>
`;
